I/python  (11223): extracting lib/python2.7/site-packages/kivy/graphics/vbo.so
I/python  (11223): extracting lib/python2.7/site-packages/kivy/graphics/opengl_utils.so
I/python  (11223): extracting lib/python2.7/site-packages/kivy/graphics/img_tools.pxi
I/python  (11223): extracting lib/python2.7/site-packages/kivy/graphics/shader.pxd
I/python  (11223): extracting lib/python2.7/site-packages/kivy/graphics/gl_redirect.h
I/python  (11223): extracting lib/python2.7/site-packages/kivy/graphics/vertex.pxd
I/python  (11223): extracting lib/python2.7/site-packages/kivy/graphics/shader.so
I/python  (11223): extracting lib/python2.7/site-packages/kivy/graphics/compiler.pxd
I/python  (11223): extracting lib/python2.7/site-packages/kivy/graphics/opcodes.pxi
D/CustomFrequencyManagerService(  882): releaseDVFSLockLocked : Getting Lock type frm List : DVFS_MIN_LIMIT  frequency : 2457600  uid : 1000  pid : 882  tag : LAUNCHER_APP_BOOSTER_CPU@6151
I/python  (11223): extracting lib/python2.7/site-packages/kivy/graphics/vbo.pxd
I/python  (11223): extracting lib/python2.7/site-packages/kivy/graphics/opengl_utils.pxd
I/python  (11223): extracting lib/python2.7/site-packages/kivy/graphics/context_instructions.so
I/python  (11223): extracting lib/python2.7/site-packages/kivy/graphics/svg.pxd
I/python  (11223): extracting lib/python2.7/site-packages/kivy/graphics/vertex_instructions.pxd
I/python  (11223): extracting lib/python2.7/site-packages/kivy/graphics/config.pxi
I/python  (11223): extracting lib/python2.7/site-packages/kivy/graphics/gl_instructions.so
I/python  (11223): extracting lib/python2.7/site-packages/kivy/graphics/gl_debug_logger.pxi
I/python  (11223): extracting lib/python2.7/site-packages/kivy/graphics/common_subset.h
I/python  (11223): extracting lib/python2.7/site-packages/kivy/graphics/fbo.so
I/python  (11223): extracting lib/python2.7/site-packages/kivy/graphics/opengl_utils_def.pxi
I/python  (11223): extracting lib/python2.7/site-packages/kivy/graphics/c_opengl_debug.so
I/python  (11223): extracting lib/python2.7/site-packages/kivy/graphics/stencil_instructions.so
I/python  (11223): extracting lib/python2.7/site-packages/kivy/graphics/gl2platform.h
I/python  (11223): extracting lib/python2.7/site-packages/kivy/graphics/tesselator.pxd
I/python  (11223): extracting lib/python2.7/site-packages/kivy/graphics/c_opengl.pxd
I/python  (11223): extracting lib/python2.7/site-packages/kivy/graphics/opengl.so
I/python  (11223): extracting lib/python2.7/site-packages/kivy/graphics/stencil_instructions.pxd
I/python  (11223): extracting lib/python2.7/site-packages/kivy/graphics/svg.so
I/python  (11223): extracting lib/python2.7/site-packages/kivy/graphics/buffer.so
I/python  (11223): extracting lib/python2.7/site-packages/kivy/graphics/context_instructions.pxd
I/python  (11223): extracting lib/python2.7/site-packages/kivy/graphics/tesselator.so
I/python  (11223): extracting lib/python2.7/site-packages/kivy/graphics/c_opengl_debug.pxd
I/python  (11223): extracting lib/python2.7/site-packages/kivy/graphics/compiler.so
I/python  (11223): extracting lib/python2.7/site-packages/kivy/graphics/context.pxd
I/python  (11223): extracting lib/python2.7/site-packages/kivy/graphics/__init__.pyo
I/python  (11223): extracting lib/python2.7/site-packages/kivy/graphics/texture.pxd
D/CustomFrequencyManagerService(  882): FrequencyrequestList.getNextMaxCPUCoreRequest, index: 1
I/python  (11223): extracting lib/python2.7/site-packages/kivy/graphics/common.pxi
I/python  (11223): extracting lib/python2.7/site-packages/kivy/graphics/transformation.so
I/python  (11223): extracting lib/python2.7/site-packages/kivy/graphics/transformation.pxd
I/python  (11223): extracting lib/python2.7/site-packages/kivy/graphics/scissor_instructions.so
I/python  (11223): extracting lib/python2.7/site-packages/kivy/graphics/fbo.pxd
I/python  (11223): extracting lib/python2.7/site-packages/kivy/graphics/vertex_instructions_line.pxi
I/python  (11223): extracting lib/python2.7/site-packages/kivy/graphics/instructions.so
I/python  (11223): extracting lib/python2.7/site-packages/kivy/graphics/texture.so
I/python  (11223): extracting lib/python2.7/site-packages/kivy/graphics/config.h
I/python  (11223): extracting lib/python2.7/site-packages/kivy/graphics/vertex.so
I/python  (11223): extracting lib/python2.7/site-packages/kivy/graphics/instructions.pxd
I/python  (11223): extracting lib/python2.7/site-packages/kivy/graphics/khrplatform.h
I/python  (11223): extracting lib/python2.7/site-packages/kivy/graphics/vertex_instructions.so
I/python  (11223): extracting lib/python2.7/site-packages/kivy/ext/
I/python  (11223): extracting lib/python2.7/site-packages/kivy/ext/__init__.pyo
I/python  (11223): extracting lib/python2.7/site-packages/kivy/deps/
I/python  (11223): extracting lib/python2.7/site-packages/kivy/deps/__init__.pyo
I/python  (11223): extracting lib/python2.7/site-packages/kivy/effects/
I/python  (11223): extracting lib/python2.7/site-packages/kivy/effects/dampedscroll.pyo
I/python  (11223): extracting lib/python2.7/site-packages/kivy/effects/opacityscroll.pyo
I/python  (11223): extracting lib/python2.7/site-packages/kivy/effects/scroll.pyo
I/python  (11223): extracting lib/python2.7/site-packages/kivy/effects/kinetic.pyo
I/python  (11223): extracting lib/python2.7/site-packages/kivy/effects/__init__.pyo
I/python  (11223): extracting lib/python2.7/site-packages/kivy/lib/
I/python  (11223): extracting lib/python2.7/site-packages/kivy/lib/__init__.pyo
D/CustomFrequencyManagerService(  882): releaseDVFSLockLocked : Getting Lock type frm List : DVFS_MIN_LIMIT  frequency : 2457600  uid : 1000  pid : 882  tag : LAUNCHER_APP_BOOSTER_CPU@12
I/python  (11223): extracting lib/python2.7/site-packages/kivy/lib/ddsfile.pyo
I/python  (11223): extracting lib/python2.7/site-packages/kivy/lib/mtdev.pyo
I/python  (11223): extracting lib/python2.7/site-packages/kivy/lib/gstplayer/
I/python  (11223): extracting lib/python2.7/site-packages/kivy/lib/gstplayer/__init__.pyo
I/python  (11223): extracting lib/python2.7/site-packages/kivy/lib/osc/
I/python  (11223): extracting lib/python2.7/site-packages/kivy/lib/osc/OSC.pyo
I/python  (11223): extracting lib/python2.7/site-packages/kivy/lib/osc/oscAPI.pyo
I/python  (11223): extracting lib/python2.7/site-packages/kivy/lib/osc/__init__.pyo
I/python  (11223): extracting lib/python2.7/site-packages/kivy/lib/vidcore_lite/
I/python  (11223): extracting lib/python2.7/site-packages/kivy/lib/vidcore_lite/bcm.pxd
I/python  (11223): extracting lib/python2.7/site-packages/kivy/lib/vidcore_lite/__init__.pyo
I/python  (11223): extracting lib/python2.7/site-packages/kivy/data/
I/python  (11223): extracting lib/python2.7/site-packages/kivy/data/style.kv
I/python  (11223): extracting lib/python2.7/site-packages/kivy/data/settings_kivy.json
I/python  (11223): extracting lib/python2.7/site-packages/kivy/data/keyboards/
I/python  (11223): extracting lib/python2.7/site-packages/kivy/data/keyboards/qwertz.json
I/python  (11223): extracting lib/python2.7/site-packages/kivy/data/keyboards/qwerty.json
I/python  (11223): extracting lib/python2.7/site-packages/kivy/data/keyboards/en_US.json
I/python  (11223): extracting lib/python2.7/site-packages/kivy/data/keyboards/fr_CH.json
I/python  (11223): extracting lib/python2.7/site-packages/kivy/data/keyboards/azerty.json
I/python  (11223): extracting lib/python2.7/site-packages/kivy/data/keyboards/de_CH.json
I/python  (11223): extracting lib/python2.7/site-packages/kivy/data/glsl/
I/python  (11223): extracting lib/python2.7/site-packages/kivy/data/glsl/default.vs
I/python  (11223): extracting lib/python2.7/site-packages/kivy/data/glsl/header.vs
I/python  (11223): extracting lib/python2.7/site-packages/kivy/data/glsl/default.fs
I/python  (11223): extracting lib/python2.7/site-packages/kivy/data/glsl/default.png
I/python  (11223): extracting lib/python2.7/site-packages/kivy/data/glsl/header.fs
I/python  (11223): extracting lib/python2.7/site-packages/kivy/data/images/
I/python  (11223): extracting lib/python2.7/site-packages/kivy/data/images/defaulttheme.atlas
I/python  (11223): extracting lib/python2.7/site-packages/kivy/data/images/defaulttheme-0.png
I/python  (11223): extracting lib/python2.7/site-packages/kivy/data/images/image-loading.gif
I/python  (11223): extracting lib/python2.7/site-packages/kivy/data/images/testpattern.png
I/python  (11223): extracting lib/python2.7/site-packages/kivy/data/images/background.jpg
I/python  (11223): extracting lib/python2.7/site-packages/kivy/data/logo/
I/python  (11223): extracting lib/python2.7/site-packages/kivy/data/logo/kivy-icon-32.png
I/python  (11223): extracting lib/python2.7/site-packages/kivy/data/logo/kivy-icon-24.png
I/python  (11223): extracting lib/python2.7/site-packages/kivy/data/logo/kivy-icon-64.png
I/python  (11223): extracting lib/python2.7/site-packages/kivy/data/logo/kivy-icon-128.png
I/python  (11223): extracting lib/python2.7/site-packages/kivy/data/logo/kivy-icon-48.png
I/python  (11223): extracting lib/python2.7/site-packages/kivy/data/logo/kivy-icon-16.png
I/python  (11223): extracting lib/python2.7/site-packages/kivy/data/logo/kivy-icon-256.png
I/python  (11223): extracting lib/python2.7/site-packages/kivy/data/logo/kivy-icon-512.png
I/python  (11223): extracting lib/python2.7/site-packages/kivy/data/fonts/
I/python  (11223): extracting lib/python2.7/site-packages/kivy/data/fonts/RobotoMono-Regular.ttf
I/python  (11223): extracting lib/python2.7/site-packages/kivy/data/fonts/Roboto-Italic.ttf
I/python  (11223): extracting lib/python2.7/site-packages/kivy/data/fonts/Roboto-Bold.ttf
I/python  (11223): extracting lib/python2.7/site-packages/kivy/data/fonts/DejaVuSans.ttf
I/python  (11223): extracting lib/python2.7/site-packages/kivy/data/fonts/Roboto-Regular.ttf
I/python  (11223): extracting lib/python2.7/site-packages/kivy/data/fonts/Roboto-BoldItalic.ttf
I/python  (11223): extracting lib/python2.7/site-packages/kivy/network/
I/python  (11223): extracting lib/python2.7/site-packages/kivy/network/__init__.pyo
I/python  (11223): extracting lib/python2.7/site-packages/kivy/network/urlrequest.pyo
I/python  (11223): extracting lib/python2.7/site-packages/kivy/uix/
I/python  (11223): extracting lib/python2.7/site-packages/kivy/uix/listview.pyo
I/python  (11223): extracting lib/python2.7/site-packages/kivy/uix/video.pyo
I/python  (11223): extracting lib/python2.7/site-packages/kivy/uix/togglebutton.pyo
I/python  (11223): extracting lib/python2.7/site-packages/kivy/uix/spinner.pyo
I/python  (11223): extracting lib/python2.7/site-packages/kivy/uix/camera.pyo
I/python  (11223): extracting lib/python2.7/site-packages/kivy/uix/boxlayout.pyo
I/python  (11223): extracting lib/python2.7/site-packages/kivy/uix/slider.pyo
I/python  (11223): extracting lib/python2.7/site-packages/kivy/uix/button.pyo
I/python  (11223): extracting lib/python2.7/site-packages/kivy/uix/abstractview.pyo
I/python  (11223): extracting lib/python2.7/site-packages/kivy/uix/gridlayout.pyo
I/python  (11223): extracting lib/python2.7/site-packages/kivy/uix/textinput.pyo
I/python  (11223): extracting lib/python2.7/site-packages/kivy/uix/videoplayer.pyo
I/python  (11223): extracting lib/python2.7/site-packages/kivy/uix/rst.pyo
I/python  (11223): extracting lib/python2.7/site-packages/kivy/uix/selectableview.pyo
I/python  (11223): extracting lib/python2.7/site-packages/kivy/uix/pagelayout.pyo
I/python  (11223): extracting lib/python2.7/site-packages/kivy/uix/switch.pyo
I/python  (11223): extracting lib/python2.7/site-packages/kivy/uix/stencilview.pyo
I/python  (11223): extracting lib/python2.7/site-packages/kivy/uix/accordion.pyo
I/python  (11223): extracting lib/python2.7/site-packages/kivy/uix/colorpicker.pyo
I/python  (11223): extracting lib/python2.7/site-packages/kivy/uix/widget.pyo
I/python  (11223): extracting lib/python2.7/site-packages/kivy/uix/carousel.pyo
I/python  (11223): extracting lib/python2.7/site-packages/kivy/uix/image.pyo
I/python  (11223): extracting lib/python2.7/site-packages/kivy/uix/splitter.pyo
I/python  (11223): extracting lib/python2.7/site-packages/kivy/uix/filechooser.pyo
I/python  (11223): extracting lib/python2.7/site-packages/kivy/uix/bubble.pyo
I/python  (11223): extracting lib/python2.7/site-packages/kivy/uix/checkbox.pyo
I/python  (11223): extracting lib/python2.7/site-packages/kivy/uix/screenmanager.pyo
I/python  (11223): extracting lib/python2.7/site-packages/kivy/uix/gesturesurface.pyo
I/python  (11223): extracting lib/python2.7/site-packages/kivy/uix/scatterlayout.pyo
I/python  (11223): extracting lib/python2.7/site-packages/kivy/uix/__init__.pyo
I/python  (11223): extracting lib/python2.7/site-packages/kivy/uix/label.pyo
I/python  (11223): extracting lib/python2.7/site-packages/kivy/uix/floatlayout.pyo
I/python  (11223): extracting lib/python2.7/site-packages/kivy/uix/layout.pyo
I/python  (11223): extracting lib/python2.7/site-packages/kivy/uix/codeinput.pyo
I/python  (11223): extracting lib/python2.7/site-packages/kivy/uix/actionbar.pyo
I/python  (11223): extracting lib/python2.7/site-packages/kivy/uix/settings.pyo
I/python  (11223): extracting lib/python2.7/site-packages/kivy/uix/scrollview.pyo
I/python  (11223): extracting lib/python2.7/site-packages/kivy/uix/modalview.pyo
I/python  (11223): extracting lib/python2.7/site-packages/kivy/uix/vkeyboard.pyo
I/python  (11223): extracting lib/python2.7/site-packages/kivy/uix/effectwidget.pyo
I/python  (11223): extracting lib/python2.7/site-packages/kivy/uix/treeview.pyo
I/python  (11223): extracting lib/python2.7/site-packages/kivy/uix/popup.pyo
I/python  (11223): extracting lib/python2.7/site-packages/kivy/uix/dropdown.pyo
I/python  (11223): extracting lib/python2.7/site-packages/kivy/uix/anchorlayout.pyo
I/python  (11223): extracting lib/python2.7/site-packages/kivy/uix/relativelayout.pyo
I/python  (11223): extracting lib/python2.7/site-packages/kivy/uix/progressbar.pyo
I/python  (11223): extracting lib/python2.7/site-packages/kivy/uix/tabbedpanel.pyo
I/python  (11223): extracting lib/python2.7/site-packages/kivy/uix/scatter.pyo
I/python  (11223): extracting lib/python2.7/site-packages/kivy/uix/stacklayout.pyo
I/python  (11223): extracting lib/python2.7/site-packages/kivy/uix/sandbox.pyo
I/python  (11223): extracting lib/python2.7/site-packages/kivy/uix/behaviors/
I/python  (11223): extracting lib/python2.7/site-packages/kivy/uix/behaviors/togglebutton.pyo
I/python  (11223): extracting lib/python2.7/site-packages/kivy/uix/behaviors/button.pyo
I/python  (11223): extracting lib/python2.7/site-packages/kivy/uix/behaviors/drag.pyo
I/python  (11223): extracting lib/python2.7/site-packages/kivy/uix/behaviors/codenavigation.pyo
I/python  (11223): extracting lib/python2.7/site-packages/kivy/uix/behaviors/focus.pyo
I/python  (11223): extracting lib/python2.7/site-packages/kivy/uix/behaviors/__init__.pyo
I/python  (11223): extracting lib/python2.7/site-packages/kivy/uix/behaviors/compoundselection.pyo
I/python  (11223): extracting lib/python2.7/site-packages/kivy/uix/behaviors/emacs.pyo
I/python  (11223): extracting lib/python2.7/site-packages/kivy/uix/behaviors/knspace.pyo
I/python  (11223): extracting sitecustomize.pyo
I/python  (11223): extracting main.pyo
W/ResourceType(11223): No package identifier when getting value for resource number 0x00000000
E/art     (11223): dlopen("/data/data/org.test.hello.kivy.world/files/lib/python2.7/lib-dynload/_sqlite3.so", RTLD_LAZY) failed: dlopen failed: library "/data/data/org.test.hello.kivy.world/files/lib/python2.7/lib-dynload/_sqlite3.so" not found
E/art     (11223): dlopen("/data/data/org.test.hello.kivy.world/files/lib/python2.7/lib-dynload/_imaging.so", RTLD_LAZY) failed: dlopen failed: library "/data/data/org.test.hello.kivy.world/files/lib/python2.7/lib-dynload/_imaging.so" not found
I/python  (11223): Starting audio thread
I/libSDL  (11223): Physical screen resolution is 1920x1080
I/python  (11223): Initialize Python for Android
D/ResourcesManager(  882): creating new AssetManager and set to /data/app/org.test.hello.kivy.world-2/base.apk
I/python  (11223): ['/data/data/org.test.hello.kivy.world/files/lib/python2.7/site-packages', '/data/data/org.test.hello.kivy.world/files/lib/site-python']
I/python  (11223): Android path ['/data/data/org.test.hello.kivy.world/files/lib/python27.zip', '/data/data/org.test.hello.kivy.world/files/lib/python2.7', '/data/data/org.test.hello.kivy.world/files/lib/python2.7/lib-dynload', '/data/data/org.test.hello.kivy.world/files/lib/python2.7/site-packages', '/data/data/org.test.hello.kivy.world/files', '/data/data/org.test.hello.kivy.world/files/_applibs']
I/python  (11223): Android kivy bootstrap done. __name__ is __main__
I/python  (11223): Run user program, change dir and execute main.py
I/python  (11223): [WARNING           ] [Config      ] Older configuration version detected (0 instead of 14)
I/python  (11223): [WARNING           ] [Config      ] Upgrading configuration in progress.
I/python  (11223): [INFO              ] [Logger      ] Record log in /data/data/org.test.hello.kivy.world/files/.kivy/logs/kivy_16-03-11_0.txt
I/python  (11223): [INFO              ] [Kivy        ] v1.9.1
I/python  (11223): [INFO              ] [Python      ] v2.7.2 (default, Mar 11 2016, 14:59:44) 
I/python  (11223): [GCC 4.8]
D/ActivityManager(  882): bindService callerProcessName:com.mapfactor.navigator, calleePkgName: com.google.android.gms, action: com.google.android.gms.analytics.service.START
I/python  (11223): [INFO              ] [Factory     ] 179 symbols loaded
D/ActivityManager(  882): bindService callerProcessName:com.mapfactor.navigator, calleePkgName: com.google.android.gms, action: com.google.android.gms.analytics.service.START
I/python  (11223):  /data/data/org.test.hello.kivy.world/files/lib/python2.7/site-packages/kivy/core/image/img_pygame.py:13: RuntimeWarning: import cdrom: No module named cdrom
I/python  (11223):  (ImportError: No module named cdrom)
I/python  (11223): [INFO              ] [Image       ] Providers: img_tex, img_dds, img_gif, img_pygame (img_pil, img_ffpyplayer ignored)
I/python  (11223): [INFO              ] [Text        ] Provider: pygame
D/CustomFrequencyManagerService(  882): releaseDVFSLockLocked : Getting Lock type frm List : DVFS_MIN_LIMIT  frequency : 2457600  uid : 1000  pid : 882  tag : ROTATION_BOOSTER@36
E/audit   ( 2157): type=1400 msg=audit(1457711584.192:330310): avc:  denied  { read } for  pid=11261 comm="qrngd" name="hw_random" dev="tmpfs" ino=10454 scontext=u:r:qrngd:s0 tcontext=u:object_r:hw_random_device:s0 tclass=chr_file
E/audit   ( 2157):  SEPF_SM-G900F_5.0-1_0032
E/audit   ( 2157): 
E/audit   ( 2157): type=1300 msg=audit(1457711584.192:330310): arch=40000028 syscall=322 per=800000 success=no exit=-13 a0=ffffff9c a1=bedfb6a0 a2=20000 a3=0 items=1 ppid=1 pid=11261 auid=4294967295 uid=1000 gid=1000 euid=1000 suid=1000 fsuid=1000 egid=1000 sgid=1000 fsgid=1000 tty=(none) ses=4294967295 comm="qrngd" exe="/system/bin/qrngd" subj=u:r:qrngd:s0 key=(null)
E/audit   ( 2157): type=1307 msg=audit(1457711584.192:330310):  cwd="/"
E/audit   ( 2157): type=1302 msg=audit(1457711584.192:330310): item=0 name="/dev/hw_random" inode=10454 dev=00:0b mode=020640 ouid=0 ogid=1000 rdev=0a:b7 obj=u:object_r:hw_random_device:s0
E/audit   ( 2157): type=1320 msg=audit(1457711584.192:330310): 
D/SecurityLogAgent:SEDenialService(  882): Got Modify Event and sending Denial Intent foraudit.log
E/auditd  ( 2157): In denial and Property audit_ondenial is set to 1 
D/SecurityLogAgent:SEDenialService(  882): audit.ondenial set to 0 after sending samsung.intent.action.knox.DENIAL_NOTIFICATION intent
D/SecurityLogAgent(10821):  SeDenialReceiver : Intent Received : samsung.intent.action.knox.DENIAL_NOTIFICATION
D/SecurityLogAgent(10821):  SeDenialReceiver : File path = null
W/ContextImpl(  882): Calling a method in the system process without a qualified user: android.app.ContextImpl.sendBroadcast:1629 com.android.server.SEDenialService$AuditFileObserver.onEvent:76 android.os.FileObserver$ObserverThread.onEvent:122 android.os.FileObserver$ObserverThread.observe:-2 android.os.FileObserver$ObserverThread.run:85 
I/art     (  882): Explicit concurrent mark sweep GC freed 14337(764KB) AllocSpace objects, 3(677KB) LOS objects, 20% free, 61MB/77MB, paused 1.519ms total 134.408ms
I/python  (11223): [INFO              ] [Window      ] Provider: pygame
I/libSDL  (11223): SDL_SetVideoMode(): application requested mode 1920x1080
I/python  (11223): [INFO              ] [GL          ] OpenGL version <OpenGL ES 3.0 V@84.0 AU@  (CL@)>
I/python  (11223): [INFO              ] [GL          ] OpenGL vendor <Qualcomm>
I/python  (11223): [INFO              ] [GL          ] OpenGL renderer <Adreno (TM) 330>
I/python  (11223): [INFO              ] [GL          ] OpenGL parsed version: 3, 0
I/python  (11223): [INFO              ] [GL          ] Texture max size <4096>
I/python  (11223): [INFO              ] [GL          ] Texture max units <16>
I/python  (11223): [INFO              ] [Shader      ] program: <--From Vertex Shader:
I/python  (11223): --From Fragment Shader:
I/python  (11223): Link was successful.>
V/audio_hw_primary(27453): out_standby: enter: usecase(1: low-latency-playback)
V/audio_hw_primary(27453): stop_output_stream: enter: usecase(1: low-latency-playback)
V/audio_hw_primary(27453): disable_audio_route: enter: usecase(1)
V/audio_hw_primary(27453): disable_audio_route: reset mixer path: low-latency-playback
D/audio_route(27453): ++++ audio_route_update_mixer ==============
D/audio_route(27453): Setting mixer control: SLIMBUS_0_RX Audio Mixer MultiMedia5
D/audio_route(27453): Setting mixer control: value: 0
D/audio_route(27453): ------ audio_route_update_mixer ==============
V/audio_hw_primary(27453): disable_audio_route: exit
V/audio_hw_primary(27453): disable_snd_device: snd_device(2: speaker)
D/audio_route(27453): ++++ audio_route_update_mixer ==============
D/audio_route(27453): Setting mixer control: SPK DRV Volume
D/audio_route(27453): Setting mixer control: value: 0
D/audio_route(27453): Setting mixer control: RX7 Digital Volume
D/audio_route(27453): Setting mixer control: value: 0
D/audio_route(27453): Setting mixer control: COMP0 Switch
D/audio_route(27453): Setting mixer control: value: 0
D/audio_route(27453): Setting mixer control: RX7 MIX1 INP1, value: 0
D/audio_route(27453): Setting mixer control: DAC1 Switch
D/audio_route(27453): Setting mixer control: value: 0
D/audio_route(27453): ------ audio_route_update_mixer ==============
V/audio_hw_primary(27453): stop_output_stream: exit: status(0)
V/audio_hw_primary(27453): out_standby: exit
I/python  (11223): [INFO              ] [Support     ] Android install hooks
I/python  (11223): [INFO              ] [Window      ] virtual keyboard not allowed, single mode, not docked
I/python  (11223): [INFO              ] [OSC         ] using <thread> for socket
I/python  (11223): [INFO              ] [Base        ] Start application main loop
I/python  (11223): [INFO              ] [Android     ] found 17 joystick
I/python  (11223): [INFO              ] [Android     ] create joystick <0>
I/python  (11223): [INFO              ] [Android     ] discard joystick <0> cause no button
I/python  (11223): [INFO              ] [Android     ] create joystick <1>
I/python  (11223): [INFO              ] [Android     ] create joystick <2>
I/python  (11223): [INFO              ] [Android     ] create joystick <3>
I/python  (11223): [INFO              ] [Android     ] create joystick <4>
I/python  (11223): [INFO              ] [Android     ] create joystick <5>
I/python  (11223): [INFO              ] [Android     ] create joystick <6>
I/python  (11223): [INFO              ] [Android     ] create joystick <7>
I/python  (11223): [INFO              ] [Android     ] create joystick <8>
I/python  (11223): [INFO              ] [Android     ] create joystick <9>
I/python  (11223): [INFO              ] [Android     ] create joystick <10>
I/python  (11223): [INFO              ] [Android     ] create joystick <11>
I/python  (11223): [INFO              ] [Android     ] create joystick <12>
I/python  (11223): [INFO              ] [Android     ] create joystick <13>
I/python  (11223): [INFO              ] [Android     ] create joystick <14>
I/python  (11223): [INFO              ] [Android     ] create joystick <15>
I/python  (11223): [INFO              ] [Android     ] create joystick <16>
I/python  (11223): [INFO              ] [GL          ] NPOT texture support is available
D/BatteryService(  882): level:100, scale:100, status:5, health:2, present:true, voltage: 4382, temperature: 288, technology: Li-ion, AC powered:false, USB powered:true, Wireless powered:false, icon:17303749, invalid charger:0
D/BatteryService(  882): online:6, current avg:900, charge type:1, power sharing:false, high voltage charger:false, capacity:280000
D/BatteryService(  882): Sending ACTION_BATTERY_CHANGED.
D/MotionRecognitionService(  882):   mReceiver.onReceive : ACTION_BATTERY_CHANGED
I/MotionRecognitionService(  882): Plugged
I/MotionRecognitionService(  882): setPowerConnected  = true
D/KeyguardUpdateMonitor( 1179): received broadcast android.intent.action.BATTERY_CHANGED
D/KeyguardUpdateMonitor( 1179): handleBatteryUpdate
D/STATUSBAR-PhoneStatusBar( 1179):  mBrightnessEnablebySettings = true mBrightnessEnablebyBattery = true mBrightnessEnablebyDisableFlag = true mPmsBrightnessEnablebySettings = true
D/BatteryMeterView( 1179): ACTION_BATTERY_CHANGED : level:100 status:5 health:2
D/BatteryMeterView( 1179): ACTION_BATTERY_CHANGED : level:100 status:5 health:2
D/BatteryMeterView( 1179): ACTION_BATTERY_CHANGED : level:100 status:5 health:2
D/TaskPersister(  882): removeObsoleteFile: deleting file=11051_task.xml
D/SSRM:m  (  882): SIOP:: AP = 330, PST = 307, CUR = 900
E/audit   ( 2157): type=1400 msg=audit(1457711589.362:330311): avc:  denied  { read } for  pid=11263 comm="qrngd" name="hw_random" dev="tmpfs" ino=10454 scontext=u:r:qrngd:s0 tcontext=u:object_r:hw_random_device:s0 tclass=chr_file
E/audit   ( 2157):  SEPF_SM-G900F_5.0-1_0032
E/audit   ( 2157): 
D/SecurityLogAgent:SEDenialService(  882): Got Modify Event and sending Denial Intent foraudit.log
E/audit   ( 2157): type=1300 msg=audit(1457711589.362:330311): arch=40000028 syscall=322 per=800000 success=no exit=-13 a0=ffffff9c a1=be9dd6a0 a2=20000 a3=0 items=1 ppid=1 pid=11263 auid=4294967295 uid=1000 gid=1000 euid=1000 suid=1000 fsuid=1000 egid=1000 sgid=1000 fsgid=1000 tty=(none) ses=4294967295 comm="qrngd" exe="/system/bin/qrngd" subj=u:r:qrngd:s0 key=(null)
E/audit   ( 2157): type=1307 msg=audit(1457711589.362:330311):  cwd="/"
E/audit   ( 2157): type=1302 msg=audit(1457711589.362:330311): item=0 name="/dev/hw_random" inode=10454 dev=00:0b mode=020640 ouid=0 ogid=1000 rdev=0a:b7 obj=u:object_r:hw_random_device:s0
E/audit   ( 2157): type=1320 msg=audit(1457711589.362:330311): 
D/SecurityLogAgent:SEDenialService(  882): audit.ondenial set to 0 after sending samsung.intent.action.knox.DENIAL_NOTIFICATION intent
E/auditd  ( 2157): In denial and Property audit_ondenial is set to 1 
W/ContextImpl(  882): Calling a method in the system process without a qualified user: android.app.ContextImpl.sendBroadcast:1629 com.android.server.SEDenialService$AuditFileObserver.onEvent:76 android.os.FileObserver$ObserverThread.onEvent:122 android.os.FileObserver$ObserverThread.observe:-2 android.os.FileObserver$ObserverThread.run:85 
D/SecurityLogAgent(10821):  SeDenialReceiver : Intent Received : samsung.intent.action.knox.DENIAL_NOTIFICATION
D/SecurityLogAgent(10821):  SeDenialReceiver : File path = null
D/StatusBar.NetworkController( 1179): onSignalStrengthsChanged signalStrength=SignalStrength: 14 99 -120 -160 -120 -1 -1 99 2147483647 2147483647 2147483647 -1 2147483647 0x4 gsm|lte level=4
D/StatusBar.NetworkController( 1179): updateTelephonySignalStrength: hasService=true ss=SignalStrength: 14 99 -120 -160 -120 -1 -1 99 2147483647 2147483647 2147483647 -1 2147483647 0x4 gsm|lte
D/StatusBar.NetworkController( 1179): updateTelephonySignalStrength: iconLevel=4
D/StatusBar.NetworkController( 1179): updateTelephonySignalStrength, No signal level. mPhoneSignalIconId = com.android.systemui:drawable/stat_sys_signal_4_auto_rotate mDataSignalIconId = com.android.systemui:drawable/stat_sys_signal_4_auto_rotate mQSPhoneSignalIconId = com.android.systemui:drawable/ic_qs_signal_4 mContentDescriptionPhoneSignal = Pe≈Çen sygna≈Ç telefonu
D/StatusBar.NetworkController( 1179): Nothing, mRoamingIconId = 0
D/StatusBar.NetworkController( 1179): refreshViews connected={ } level=4 combinedSignalIconId=0x7f020442/com.android.systemui:drawable/stat_sys_signal_4_auto_rotate mobileLabel=Plus wifiLabel= emergencyOnly=false combinedLabel=Brak po≈Ç. internetowego mAirplaneMode=false mDataActivity=0 mPhoneSignalIconId=0x7f020442/com.android.systemui:drawable/stat_sys_signal_4_auto_rotate mQSPhoneSignalIconId=0x7f020115/com.android.systemui:drawable/ic_qs_signal_4 mDataDirectionIconId=0x0/(null) mDataSignalIconId=0x7f020442/com.android.systemui:drawable/stat_sys_signal_4_auto_rotate mDataTypeIconId=0x7f0202ae/com.android.systemui:drawable/stat_sys_data_connected_3g mQSDataTypeIconId=0x7f020114/com.android.systemui:drawable/ic_qs_signal_3g mNoSimIconId=0x0/(null) mWifiIconId=0x0/(null) mQSWifiIconId=0x0/(null) mWifiActivityIconId=0x7f020468/com.android.systemui:drawable/stat_sys_signal_inout mBluetoothTetherIconId=0x1080907/android:drawable/stat_sys_tether_bluetooth
E/Watchdog(  882): !@Sync 50530
I/ActivityManager(  882): Waited long enough for: ServiceRecord{291a7005 u0 com.mapfactor.navigator/.notifications.NotificationsService}
D/SecurityLogAgent:SEDenialService(  882): Got Modify Event and sending Denial Intent foraudit.log
E/audit   ( 2157): type=1400 msg=audit(1457711594.392:330312): avc:  denied  { read } for  pid=11275 comm="qrngd" name="hw_random" dev="tmpfs" ino=10454 scontext=u:r:qrngd:s0 tcontext=u:object_r:hw_random_device:s0 tclass=chr_file
E/audit   ( 2157):  SEPF_SM-G900F_5.0-1_0032
E/audit   ( 2157): 
E/audit   ( 2157): type=1300 msg=audit(1457711594.392:330312): arch=40000028 syscall=322 per=800000 success=no exit=-13 a0=ffffff9c a1=bedb16a0 a2=20000 a3=0 items=1 ppid=1 pid=11275 auid=4294967295 uid=1000 gid=1000 euid=1000 suid=1000 fsuid=1000 egid=1000 sgid=1000 fsgid=1000 tty=(none) ses=4294967295 comm="qrngd" exe="/system/bin/qrngd" subj=u:r:qrngd:s0 key=(null)
E/audit   ( 2157): type=1307 msg=audit(1457711594.392:330312):  cwd="/"
E/audit   ( 2157): type=1302 msg=audit(1457711594.392:330312): item=0 name="/dev/hw_random" inode=10454 dev=00:0b mode=020640 ouid=0 ogid=1000 rdev=0a:b7 obj=u:object_r:hw_random_device:s0
E/auditd  ( 2157): In denial and Property audit_ondenial is set to 1 
W/ContextImpl(  882): Calling a method in the system process without a qualified user: android.app.ContextImpl.sendBroadcast:1629 com.android.server.SEDenialService$AuditFileObserver.onEvent:76 android.os.FileObserver$ObserverThread.onEvent:122 android.os.FileObserver$ObserverThread.observe:-2 android.os.FileObserver$ObserverThread.run:85 
D/SecurityLogAgent:SEDenialService(  882): audit.ondenial set to 0 after sending samsung.intent.action.knox.DENIAL_NOTIFICATION intent
E/audit   ( 2157): type=1320 msg=audit(1457711594.392:330312): 
D/SecurityLogAgent(10821):  SeDenialReceiver : Intent Received : samsung.intent.action.knox.DENIAL_NOTIFICATION
D/SecurityLogAgent(10821):  SeDenialReceiver : File path = null
D/StatusBar.NetworkController( 1179): onSignalStrengthsChanged signalStrength=SignalStrength: 15 99 -120 -160 -120 -1 -1 99 2147483647 2147483647 2147483647 -1 2147483647 0x4 gsm|lte level=4
D/StatusBar.NetworkController( 1179): updateTelephonySignalStrength: hasService=true ss=SignalStrength: 15 99 -120 -160 -120 -1 -1 99 2147483647 2147483647 2147483647 -1 2147483647 0x4 gsm|lte
D/StatusBar.NetworkController( 1179): updateTelephonySignalStrength: iconLevel=4
D/StatusBar.NetworkController( 1179): updateTelephonySignalStrength, No signal level. mPhoneSignalIconId = com.android.systemui:drawable/stat_sys_signal_4_auto_rotate mDataSignalIconId = com.android.systemui:drawable/stat_sys_signal_4_auto_rotate mQSPhoneSignalIconId = com.android.systemui:drawable/ic_qs_signal_4 mContentDescriptionPhoneSignal = Pe≈Çen sygna≈Ç telefonu
D/StatusBar.NetworkController( 1179): Nothing, mRoamingIconId = 0
D/StatusBar.NetworkController( 1179): refreshViews connected={ } level=4 combinedSignalIconId=0x7f020442/com.android.systemui:drawable/stat_sys_signal_4_auto_rotate mobileLabel=Plus wifiLabel= emergencyOnly=false combinedLabel=Brak po≈Ç. internetowego mAirplaneMode=false mDataActivity=0 mPhoneSignalIconId=0x7f020442/com.android.systemui:drawable/stat_sys_signal_4_auto_rotate mQSPhoneSignalIconId=0x7f020115/com.android.systemui:drawable/ic_qs_signal_4 mDataDirectionIconId=0x0/(null) mDataSignalIconId=0x7f020442/com.android.systemui:drawable/stat_sys_signal_4_auto_rotate mDataTypeIconId=0x7f0202ae/com.android.systemui:drawable/stat_sys_data_connected_3g mQSDataTypeIconId=0x7f020114/com.android.systemui:drawable/ic_qs_signal_3g mNoSimIconId=0x0/(null) mWifiIconId=0x0/(null) mQSWifiIconId=0x0/(null) mWifiActivityIconId=0x7f020468/com.android.systemui:drawable/stat_sys_signal_inout mBluetoothTetherIconId=0x1080907/android:drawable/stat_sys_tether_bluetooth
